Archive member included to satisfy reference by file (symbol)

/usr/lib/gcc/arm-none-eabi/13.2.1/../../../arm-none-eabi/lib/thumb/v8-m.main+fp/hard/libc_nano.a(libc_a-init.o)
                              /usr/lib/gcc/arm-none-eabi/13.2.1/../../../arm-none-eabi/lib/thumb/v8-m.main+fp/hard/crt0.o (__libc_init_array)
/usr/lib/gcc/arm-none-eabi/13.2.1/../../../arm-none-eabi/lib/thumb/v8-m.main+fp/hard/libc_nano.a(libc_a-memset.o)
                              /usr/lib/gcc/arm-none-eabi/13.2.1/../../../arm-none-eabi/lib/thumb/v8-m.main+fp/hard/crt0.o (memset)
/usr/lib/gcc/arm-none-eabi/13.2.1/../../../arm-none-eabi/lib/thumb/v8-m.main+fp/hard/libc_nano.a(libc_a-memcpy.o)
                              ./output/queue.o (memcpy)
/usr/lib/gcc/arm-none-eabi/13.2.1/../../../arm-none-eabi/lib/thumb/v8-m.main+fp/hard/libc_nano.a(libc_a-strncmp.o)
                              ./output/main.o (strncmp)
/usr/lib/gcc/arm-none-eabi/13.2.1/../../../arm-none-eabi/lib/thumb/v8-m.main+fp/hard/libc_nano.a(libc_a-exit.o)
                              /usr/lib/gcc/arm-none-eabi/13.2.1/../../../arm-none-eabi/lib/thumb/v8-m.main+fp/hard/crt0.o (exit)
/usr/lib/gcc/arm-none-eabi/13.2.1/../../../arm-none-eabi/lib/thumb/v8-m.main+fp/hard/libc_nano.a(libc_a-atexit.o)
                              /usr/lib/gcc/arm-none-eabi/13.2.1/../../../arm-none-eabi/lib/thumb/v8-m.main+fp/hard/crt0.o (atexit)
/usr/lib/gcc/arm-none-eabi/13.2.1/../../../arm-none-eabi/lib/thumb/v8-m.main+fp/hard/libc_nano.a(libc_a-fini.o)
                              /usr/lib/gcc/arm-none-eabi/13.2.1/../../../arm-none-eabi/lib/thumb/v8-m.main+fp/hard/crt0.o (__libc_fini_array)
/usr/lib/gcc/arm-none-eabi/13.2.1/../../../arm-none-eabi/lib/thumb/v8-m.main+fp/hard/libc_nano.a(libc_a-findfp.o)
                              /usr/lib/gcc/arm-none-eabi/13.2.1/../../../arm-none-eabi/lib/thumb/v8-m.main+fp/hard/libc_nano.a(libc_a-exit.o) (__stdio_exit_handler)
/usr/lib/gcc/arm-none-eabi/13.2.1/../../../arm-none-eabi/lib/thumb/v8-m.main+fp/hard/libc_nano.a(libc_a-fflush.o)
                              /usr/lib/gcc/arm-none-eabi/13.2.1/../../../arm-none-eabi/lib/thumb/v8-m.main+fp/hard/libc_nano.a(libc_a-findfp.o) (_fflush_r)
/usr/lib/gcc/arm-none-eabi/13.2.1/../../../arm-none-eabi/lib/thumb/v8-m.main+fp/hard/libc_nano.a(libc_a-mallocr.o)
                              /usr/lib/gcc/arm-none-eabi/13.2.1/../../../arm-none-eabi/lib/thumb/v8-m.main+fp/hard/libc_nano.a(libc_a-findfp.o) (_malloc_r)
/usr/lib/gcc/arm-none-eabi/13.2.1/../../../arm-none-eabi/lib/thumb/v8-m.main+fp/hard/libc_nano.a(libc_a-freer.o)
                              /usr/lib/gcc/arm-none-eabi/13.2.1/../../../arm-none-eabi/lib/thumb/v8-m.main+fp/hard/libc_nano.a(libc_a-fflush.o) (_free_r)
/usr/lib/gcc/arm-none-eabi/13.2.1/../../../arm-none-eabi/lib/thumb/v8-m.main+fp/hard/libc_nano.a(libc_a-fwalk.o)
                              /usr/lib/gcc/arm-none-eabi/13.2.1/../../../arm-none-eabi/lib/thumb/v8-m.main+fp/hard/libc_nano.a(libc_a-findfp.o) (_fwalk_sglue)
/usr/lib/gcc/arm-none-eabi/13.2.1/../../../arm-none-eabi/lib/thumb/v8-m.main+fp/hard/libc_nano.a(libc_a-__atexit.o)
                              /usr/lib/gcc/arm-none-eabi/13.2.1/../../../arm-none-eabi/lib/thumb/v8-m.main+fp/hard/libc_nano.a(libc_a-atexit.o) (__register_exitproc)
/usr/lib/gcc/arm-none-eabi/13.2.1/../../../arm-none-eabi/lib/thumb/v8-m.main+fp/hard/libc_nano.a(libc_a-mlock.o)
                              /usr/lib/gcc/arm-none-eabi/13.2.1/../../../arm-none-eabi/lib/thumb/v8-m.main+fp/hard/libc_nano.a(libc_a-mallocr.o) (__malloc_lock)
/usr/lib/gcc/arm-none-eabi/13.2.1/../../../arm-none-eabi/lib/thumb/v8-m.main+fp/hard/libc_nano.a(libc_a-sbrkr.o)
                              /usr/lib/gcc/arm-none-eabi/13.2.1/../../../arm-none-eabi/lib/thumb/v8-m.main+fp/hard/libc_nano.a(libc_a-mallocr.o) (_sbrk_r)
/usr/lib/gcc/arm-none-eabi/13.2.1/../../../arm-none-eabi/lib/thumb/v8-m.main+fp/hard/libc_nano.a(libc_a-stdio.o)
                              /usr/lib/gcc/arm-none-eabi/13.2.1/../../../arm-none-eabi/lib/thumb/v8-m.main+fp/hard/libc_nano.a(libc_a-findfp.o) (__sread)
/usr/lib/gcc/arm-none-eabi/13.2.1/../../../arm-none-eabi/lib/thumb/v8-m.main+fp/hard/libc_nano.a(libc_a-impure.o)
                              /usr/lib/gcc/arm-none-eabi/13.2.1/../../../arm-none-eabi/lib/thumb/v8-m.main+fp/hard/libc_nano.a(libc_a-fflush.o) (_impure_ptr)
/usr/lib/gcc/arm-none-eabi/13.2.1/../../../arm-none-eabi/lib/thumb/v8-m.main+fp/hard/libc_nano.a(libc_a-closer.o)
                              /usr/lib/gcc/arm-none-eabi/13.2.1/../../../arm-none-eabi/lib/thumb/v8-m.main+fp/hard/libc_nano.a(libc_a-stdio.o) (_close_r)
/usr/lib/gcc/arm-none-eabi/13.2.1/../../../arm-none-eabi/lib/thumb/v8-m.main+fp/hard/libc_nano.a(libc_a-__call_atexit.o)
                              /usr/lib/gcc/arm-none-eabi/13.2.1/../../../arm-none-eabi/lib/thumb/v8-m.main+fp/hard/libc_nano.a(libc_a-__atexit.o) (__call_exitprocs)
[...]
Memory Configuration

Name             Origin             Length             Attributes
FLASH            0x10000000         0x00400000         xr
RAM              0x30000000         0x00400000         xrw
*default*        0x00000000         0xffffffff

Linker script and memory map

LOAD /usr/lib/gcc/arm-none-eabi/13.2.1/thumb/v8-m.main+fp/hard/crti.o
LOAD /usr/lib/gcc/arm-none-eabi/13.2.1/thumb/v8-m.main+fp/hard/crtbegin.o
LOAD /usr/lib/gcc/arm-none-eabi/13.2.1/../../../arm-none-eabi/lib/thumb/v8-m.main+fp/hard/crt0.o
LOAD ./output/system_CMSDK_CM33.o
LOAD ./output/tasks.o
LOAD ./output/list.o
LOAD ./output/queue.o
LOAD ./output/timers.o
LOAD ./output/event_groups.o
LOAD ./output/stream_buffer.o
LOAD ./output/heap_4.o
LOAD ./output/port.o
LOAD ./output/portasm.o
LOAD ./output/main.o
LOAD ./output/startup_gcc.o
LOAD ./output/printf-stdarg.o
START GROUP
LOAD /usr/lib/gcc/arm-none-eabi/13.2.1/thumb/v8-m.main+fp/hard/libgcc.a
LOAD /usr/lib/gcc/arm-none-eabi/13.2.1/../../../arm-none-eabi/lib/thumb/v8-m.main+fp/hard/libc_nano.a
END GROUP
START GROUP
LOAD /usr/lib/gcc/arm-none-eabi/13.2.1/thumb/v8-m.main+fp/hard/libgcc.a
LOAD /usr/lib/gcc/arm-none-eabi/13.2.1/../../../arm-none-eabi/lib/thumb/v8-m.main+fp/hard/libc_nano.a
LOAD /usr/lib/gcc/arm-none-eabi/13.2.1/../../../arm-none-eabi/lib/thumb/v8-m.main+fp/hard/libnosys.a
END GROUP
START GROUP
LOAD /usr/lib/gcc/arm-none-eabi/13.2.1/thumb/v8-m.main+fp/hard/libgcc.a
LOAD /usr/lib/gcc/arm-none-eabi/13.2.1/../../../arm-none-eabi/lib/thumb/v8-m.main+fp/hard/libc_nano.a
LOAD /usr/lib/gcc/arm-none-eabi/13.2.1/../../../arm-none-eabi/lib/thumb/v8-m.main+fp/hard/libnosys.a
END GROUP
LOAD /usr/lib/gcc/arm-none-eabi/13.2.1/thumb/v8-m.main+fp/hard/crtend.o
LOAD /usr/lib/gcc/arm-none-eabi/13.2.1/thumb/v8-m.main+fp/hard/crtn.o
                0x00000200                        _Min_Heap_Size = 0x200
                0x00000400                        _Min_Stack_Size = 0x400
                0x30400000                        _estack = (ORIGIN (RAM) + LENGTH (RAM))

.isr_vector     0x10000000       0xcc
                0x10000000                        . = ALIGN (0x100)
 *(.isr_vector)
 .isr_vector    0x10000000       0xcc ./output/startup_gcc.o
                0x10000000                isr_vector
                0x100000cc                        . = ALIGN (0x4)

.text           0x100000d0     0x361c
                0x100000d0                        . = ALIGN (0x4)
 *(.text)
 .text          0x100000d0       0xa4 /usr/lib/gcc/arm-none-eabi/13.2.1/../../../arm-none-eabi/lib/thumb/v8-m.main+fp/hard/libc_nano.a(libc_a-memset.o)
                0x100000d0                memset
 .text          0x10000174       0xec /usr/lib/gcc/arm-none-eabi/13.2.1/../../../arm-none-eabi/lib/thumb/v8-m.main+fp/hard/libc_nano.a(libc_a-memcpy.o)
                0x10000174                memcpy
 .text          0x10000260       0x80 /usr/lib/gcc/arm-none-eabi/13.2.1/../../../arm-none-eabi/lib/thumb/v8-m.main+fp/hard/libc_nano.a(libc_a-strncmp.o)
                0x10000260                strncmp
 *(.text*)
 .text.SystemInit
                0x100002e0       0x38 ./output/system_CMSDK_CM33.o
                0x100002e0                SystemInit
 .text.xTaskCreateStatic
                0x10000318       0xa4 ./output/tasks.o
                0x10000318                xTaskCreateStatic
 .text.xTaskCreate
                0x100003bc       0x94 ./output/tasks.o
                0x100003bc                xTaskCreate
 .text.prvInitialiseNewTask
                0x10000450      0x10c ./output/tasks.o
 .text.prvAddNewTaskToReadyList
                0x1000055c      0x120 ./output/tasks.o
 .text.vTaskDelay
                0x1000067c       0x50 ./output/tasks.o
                0x1000067c                vTaskDelay
 .text.vTaskStartScheduler
                0x100006cc       0xbc ./output/tasks.o
                0x100006cc                vTaskStartScheduler
 .text.vTaskSuspendAll
                0x10000788       0x1c ./output/tasks.o
                0x10000788                vTaskSuspendAll
 .text.xTaskResumeAll
                0x100007a4      0x1e0 ./output/tasks.o
                0x100007a4                xTaskResumeAll
 .text.xTaskGetTickCount
                0x10000984       0x20 ./output/tasks.o
                0x10000984                xTaskGetTickCount
 .text.uxTaskGetNumberOfTasks
                0x100009a4       0x18 ./output/tasks.o
                0x100009a4                uxTaskGetNumberOfTasks
 .text.xTaskIncrementTick
                0x100009bc      0x238 ./output/tasks.o
                0x100009bc                xTaskIncrementTick
 .text.vTaskSwitchContext
                0x10000bf4       0xfc ./output/tasks.o
                0x10000bf4                vTaskSwitchContext
 .text.vTaskPlaceOnEventList
                0x10000cf0       0x40 ./output/tasks.o
                0x10000cf0                vTaskPlaceOnEventList
 .text.vTaskPlaceOnEventListRestricted
                0x10000d30       0x84 ./output/tasks.o
                0x10000d30                vTaskPlaceOnEventListRestricted
 .text.xTaskRemoveFromEventList
                0x10000db4      0x1a4 ./output/tasks.o
                0x10000db4                xTaskRemoveFromEventList
 .text.vTaskInternalSetTimeOutState
                0x10000f58       0x2c ./output/tasks.o
                0x10000f58                vTaskInternalSetTimeOutState
 .text.xTaskCheckForTimeOut
                0x10000f84       0xb8 ./output/tasks.o
                0x10000f84                xTaskCheckForTimeOut
 .text.vTaskMissedYield
                0x1000103c       0x18 ./output/tasks.o
                0x1000103c                vTaskMissedYield
 .text.prvIdleTask
                0x10001054       0x24 ./output/tasks.o
 .text.prvInitialiseTaskLists
                0x10001078       0x80 ./output/tasks.o
 .text.prvCheckTasksWaitingTermination
                0x100010f8       0x5c ./output/tasks.o
 .text.prvDeleteTCB
                0x10001154       0x58 ./output/tasks.o
 .text.prvResetNextTaskUnblockTime
                0x100011ac       0x38 ./output/tasks.o
 .text.xTaskGetSchedulerState
                0x100011e4       0x3c ./output/tasks.o
                0x100011e4                xTaskGetSchedulerState
 .text.xTaskPriorityInherit
                0x10001220      0x120 ./output/tasks.o
                0x10001220                xTaskPriorityInherit
 .text.vTaskPriorityDisinheritAfterTimeout
                0x10001340      0x140 ./output/tasks.o
                0x10001340                vTaskPriorityDisinheritAfterTimeout
 .text.pvTaskIncrementMutexHeldCount
                0x10001480       0x28 ./output/tasks.o
                0x10001480                pvTaskIncrementMutexHeldCount
 .text.prvAddCurrentTaskToDelayedList
                0x100014a8       0xdc ./output/tasks.o
 .text.vListInitialise
                0x10001584       0x40 ./output/list.o
                0x10001584                vListInitialise
 .text.vListInitialiseItem
                0x100015c4       0x1a ./output/list.o
                0x100015c4                vListInitialiseItem
 .text.vListInsert
                0x100015de       0x72 ./output/list.o
                0x100015de                vListInsert
 .text.uxListRemove
                0x10001650       0x54 ./output/list.o
                0x10001650                uxListRemove
 .text.xQueueGenericReset
                0x100016a4       0xfc ./output/queue.o
                0x100016a4                xQueueGenericReset
 .text.xQueueGenericCreateStatic
                0x100017a0       0x9c ./output/queue.o
                0x100017a0                xQueueGenericCreateStatic
 .text.xQueueGenericCreate
                0x1000183c       0x9c ./output/queue.o
                0x1000183c                xQueueGenericCreate
 .text.prvInitialiseNewQueue
                0x100018d8       0x46 ./output/queue.o
 *fill*         0x1000191e        0x2 
 .text.xQueueGiveFromISR
                0x10001920       0xf8 ./output/queue.o
                0x10001920                xQueueGiveFromISR
 .text.xQueueReceive
                0x10001a18      0x184 ./output/queue.o
                0x10001a18                xQueueReceive
 .text.xQueueSemaphoreTake
                0x10001b9c      0x1c0 ./output/queue.o
                0x10001b9c                xQueueSemaphoreTake
 .text.prvGetDisinheritPriorityAfterTimeout
                0x10001d5c       0x30 ./output/queue.o
 .text.prvCopyDataFromQueue
                0x10001d8c       0x4c ./output/queue.o
 .text.prvUnlockQueue
                0x10001dd8       0xa4 ./output/queue.o
 .text.prvIsQueueEmpty
                0x10001e7c       0x2c ./output/queue.o
 .text.vQueueAddToRegistry
                0x10001ea8       0x90 ./output/queue.o
                0x10001ea8                vQueueAddToRegistry
 .text.vQueueWaitForMessageRestricted
                0x10001f38       0x68 ./output/queue.o
                0x10001f38                vQueueWaitForMessageRestricted
 .text.xTimerCreateTimerTask
                0x10001fa0       0x88 ./output/timers.o
                0x10001fa0                xTimerCreateTimerTask
 .text.prvReloadTimer
                0x10002028       0x42 ./output/timers.o
 *fill*         0x1000206a        0x2 
 .text.prvProcessExpiredTimer
                0x1000206c       0x60 ./output/timers.o
 .text.prvTimerTask
                0x100020cc       0x2a ./output/timers.o
 *fill*         0x100020f6        0x2 
 .text.prvProcessTimerOrBlockTask
                0x100020f8       0x8c ./output/timers.o
 .text.prvGetNextExpireTime
                0x10002184       0x48 ./output/timers.o
 .text.prvSampleTimeNow
                0x100021cc       0x40 ./output/timers.o
 .text.prvInsertTimerInActiveList
                0x1000220c       0x84 ./output/timers.o
 .text.prvProcessReceivedCommands
                0x10002290      0x178 ./output/timers.o
 .text.prvSwitchTimerLists
                0x10002408       0x4c ./output/timers.o
 .text.prvCheckForValidListAndQueue
                0x10002454       0x80 ./output/timers.o
 .text.pvPortMalloc
                0x100024d4      0x168 ./output/heap_4.o
                0x100024d4                pvPortMalloc
 .text.vPortFree
                0x1000263c       0x9c ./output/heap_4.o
                0x1000263c                vPortFree
 .text.prvHeapInit
                0x100026d8       0xb8 ./output/heap_4.o
 .text.prvInsertBlockIntoFreeList
                0x10002790       0xb4 ./output/heap_4.o
 .text.vPortSetupTimerInterrupt
                0x10002844       0x34 ./output/port.o
                0x10002844                vPortSetupTimerInterrupt
 .text.prvTaskExitError
                0x10002878       0x3c ./output/port.o
 .text.prvSetupFPU
                0x100028b4       0x30 ./output/port.o
 .text.vPortYield
                0x100028e4       0x24 ./output/port.o
                0x100028e4                vPortYield
 .text.vPortEnterCritical
                0x10002908       0x24 ./output/port.o
                0x10002908                vPortEnterCritical
 .text.vPortExitCritical
                0x1000292c       0x3c ./output/port.o
                0x1000292c                vPortExitCritical
 .text.SysTick_Handler
                0x10002968       0x30 ./output/port.o
                0x10002968                SysTick_Handler
 .text.vPortSVCHandler_C
                0x10002998       0x40 ./output/port.o
                0x10002998                vPortSVCHandler_C
 .text.pxPortInitialiseStack
                0x100029d8      0x114 ./output/port.o
                0x100029d8                pxPortInitialiseStack
 .text.xPortStartScheduler
                0x10002aec       0x40 ./output/port.o
                0x10002aec                xPortStartScheduler
 *fill*         0x10002b2c        0x4 
 .text.vRestoreContextOfFirstTask
                0x10002b30       0x38 ./output/portasm.o
                0x10002b30                vRestoreContextOfFirstTask
 *fill*         0x10002b68        0x8 
 .text.vStartFirstTask
                0x10002b70       0x28 ./output/portasm.o
                0x10002b70                vStartFirstTask
 .text.ulSetInterruptMask
                0x10002b98       0x1a ./output/portasm.o
                0x10002b98                ulSetInterruptMask
 .text.vClearInterruptMask
                0x10002bb2       0x10 ./output/portasm.o
                0x10002bb2                vClearInterruptMask
 *fill*         0x10002bc2        0xe 
 .text.PendSV_Handler
                0x10002bd0       0x68 ./output/portasm.o
                0x10002bd0                PendSV_Handler
 *fill*         0x10002c38        0x8 
 .text.SVC_Handler
                0x10002c40       0x28 ./output/portasm.o
                0x10002c40                SVC_Handler
 .text.__NVIC_EnableIRQ
                0x10002c68       0x3c ./output/main.o
 .text.__NVIC_SetPriority
                0x10002ca4       0x54 ./output/main.o
 .text.main     0x10002cf8       0x1c ./output/main.o
                0x10002cf8                main
 .text.main_blinky
                0x10002d14       0x74 ./output/main.o
                0x10002d14                main_blinky
 .text.vBlinkyTask
                0x10002d88       0x28 ./output/main.o
 .text.vUARTTask
                0x10002db0       0x8c ./output/main.o
 .text.prvUARTInit_Hardware
                0x10002e3c       0x24 ./output/main.o
 .text.prvUARTInit_NVIC
                0x10002e60       0x16 ./output/main.o
 *fill*         0x10002e76        0x2 
 .text.UARTRX0_Handler
                0x10002e78       0x48 ./output/main.o
                0x10002e78                UARTRX0_Handler
 .text.UART_Read_Blocking
                0x10002ec0       0x58 ./output/main.o
                0x10002ec0                UART_Read_Blocking
 .text.UART_Write
                0x10002f18       0x4c ./output/main.o
                0x10002f18                UART_Write
 .text.vApplicationMallocFailedHook
                0x10002f64        0xc ./output/main.o
                0x10002f64                vApplicationMallocFailedHook
 .text.vApplicationStackOverflowHook
                0x10002f70       0x12 ./output/main.o
                0x10002f70                vApplicationStackOverflowHook
 .text.vApplicationTickHook
                0x10002f82        0xe ./output/main.o
                0x10002f82                vApplicationTickHook
 .text.vApplicationIdleHook
                0x10002f90        0xe ./output/main.o
                0x10002f90                vApplicationIdleHook
 .text.vApplicationDaemonTaskStartupHook
                0x10002f9e        0xe ./output/main.o
                0x10002f9e                vApplicationDaemonTaskStartupHook
 .text.vApplicationGetIdleTaskMemory
                0x10002fac       0x34 ./output/main.o
                0x10002fac                vApplicationGetIdleTaskMemory
 .text.vApplicationGetTimerTaskMemory
                0x10002fe0       0x34 ./output/main.o
                0x10002fe0                vApplicationGetTimerTaskMemory
 .text.vAssertCalled
                0x10003014       0x24 ./output/main.o
                0x10003014                vAssertCalled
 .text.Reset_Handler
                0x10003038       0x7c ./output/startup_gcc.o
                0x10003038                Reset_Handler
 *fill*         0x100030b4        0xc 
 .text.HardFault_Handler
                0x100030c0       0x14 ./output/startup_gcc.o
                0x100030c0                HardFault_Handler
 .text.Default_Handler
                0x100030d4        0x4 ./output/startup_gcc.o
                0x100030d4                UARTTX0_Handler
                0x100030d4                TIMER0_Handler
                0x100030d4                MHU1_Handler
                0x100030d4                TIMER1_Handler
                0x100030d4                NONSEC_WATCHDOG_RESET_Handler
                0x100030d4                NONSEC_WATCHDOG_Handler
                0x100030d4                Default_Handler
                0x100030d4                S32K_TIMER_Handler
                0x100030d4                DUALTIMER_Handler
                0x100030d4                MHU0_Handler
 .text.uart_putc
                0x100030d8       0x48 ./output/printf-stdarg.o
 .text.printchar
                0x10003120       0x5e ./output/printf-stdarg.o
 .text.prints   0x1000317e       0xb6 ./output/printf-stdarg.o
 .text.printi   0x10003234       0xe2 ./output/printf-stdarg.o
 *fill*         0x10003316        0x2 
 .text.tiny_print
                0x10003318      0x1fc ./output/printf-stdarg.o
 .text.printf   0x10003514       0x2a ./output/printf-stdarg.o
                0x10003514                printf
 *(.rodata)
 *fill*         0x1000353e        0x2 
 .rodata        0x10003540       0x25 ./output/tasks.o
 *fill*         0x10003565        0x3 
 .rodata        0x10003568       0x1e ./output/queue.o
 *fill*         0x10003586        0x2 
 .rodata        0x10003588       0x2d ./output/timers.o
 *fill*         0x100035b5        0x3 
 .rodata        0x100035b8       0x30 ./output/heap_4.o
 .rodata        0x100035e8       0x42 ./output/port.o
 *fill*         0x1000362a        0x2 
 .rodata        0x1000362c       0x9a ./output/main.o
 *fill*         0x100036c6        0x2 
 .rodata        0x100036c8        0x7 ./output/printf-stdarg.o
 *(.rodata*)
 *fill*         0x100036cf        0x1 
 .rodata.uxTopUsedPriority
                0x100036d0        0x4 ./output/tasks.o
                0x100036d0                uxTopUsedPriority
 *(.glue_7)
 .glue_7        0x100036d4        0x0 linker stubs
 *(.glue_7t)
 .glue_7t       0x100036d4        0x0 linker stubs
 *(.eh_frame)
 *(.init)
 .init          0x100036d4        0x4 /usr/lib/gcc/arm-none-eabi/13.2.1/thumb/v8-m.main+fp/hard/crti.o
                0x100036d4                _init
 .init          0x100036d8        0x8 /usr/lib/gcc/arm-none-eabi/13.2.1/thumb/v8-m.main+fp/hard/crtn.o
 *(.fini)
 .fini          0x100036e0        0x4 /usr/lib/gcc/arm-none-eabi/13.2.1/thumb/v8-m.main+fp/hard/crti.o
                0x100036e0                _fini
 .fini          0x100036e4        0x8 /usr/lib/gcc/arm-none-eabi/13.2.1/thumb/v8-m.main+fp/hard/crtn.o
                0x100036ec                        . = ALIGN (0x4)
                0x100036ec                        _etext = .
                0x100036f4                        _sidata = LOADADDR (.data)

.vfp11_veneer   0x100036ec        0x0
 .vfp11_veneer  0x100036ec        0x0 linker stubs

.v4_bx          0x100036ec        0x0
 .v4_bx         0x100036ec        0x0 linker stubs

.iplt           0x100036ec        0x0
 .iplt          0x100036ec        0x0 ./output/tasks.o

.rel.dyn        0x100036ec        0x0
 .rel.iplt      0x100036ec        0x0 ./output/tasks.o

.ARM.exidx      0x100036ec        0x8
 .ARM.exidx     0x100036ec        0x8 /usr/lib/gcc/arm-none-eabi/13.2.1/../../../arm-none-eabi/lib/thumb/v8-m.main+fp/hard/libc_nano.a(libc_a-memcpy.o)

.data           0x30000000        0x8 load address 0x100036f4
                0x30000000                        . = ALIGN (0x4)
                0x30000000                        _sdata = .
 *(.data)
 *(.data*)
 .data.ulCriticalNesting
                0x30000000        0x4 ./output/port.o
 .data.xBlinkingEnabled
                0x30000004        0x4 ./output/main.o
                0x30000008                        . = ALIGN (0x4)
                0x30000008                        _edata = .

.igot.plt       0x30000008        0x0 load address 0x100036fc
 .igot.plt      0x30000008        0x0 ./output/tasks.o

.bss            0x30000008     0xfc78 load address 0x100036fc
                0x30000008                        . = ALIGN (0x4)
                0x30000008                        _sbss = .
                0x30000008                        __bss_start__ = _sbss
 *(.bss)
 *(.bss*)
 .bss.pxCurrentTCB
                0x30000008        0x4 ./output/tasks.o
                0x30000008                pxCurrentTCB
 .bss.pxReadyTasksLists
                0x3000000c       0x64 ./output/tasks.o
 .bss.xDelayedTaskList1
                0x30000070       0x14 ./output/tasks.o
 .bss.xDelayedTaskList2
                0x30000084       0x14 ./output/tasks.o
 .bss.pxDelayedTaskList
                0x30000098        0x4 ./output/tasks.o
 .bss.pxOverflowDelayedTaskList
                0x3000009c        0x4 ./output/tasks.o
 .bss.xPendingReadyList
                0x300000a0       0x14 ./output/tasks.o
 .bss.xTasksWaitingTermination
                0x300000b4       0x14 ./output/tasks.o
 .bss.uxDeletedTasksWaitingCleanUp
                0x300000c8        0x4 ./output/tasks.o
 .bss.xSuspendedTaskList
                0x300000cc       0x14 ./output/tasks.o
 .bss.uxCurrentNumberOfTasks
                0x300000e0        0x4 ./output/tasks.o
 .bss.xTickCount
                0x300000e4        0x4 ./output/tasks.o
 .bss.uxTopReadyPriority
                0x300000e8        0x4 ./output/tasks.o
 .bss.xSchedulerRunning
                0x300000ec        0x4 ./output/tasks.o
 .bss.xPendedTicks
                0x300000f0        0x4 ./output/tasks.o
 .bss.xYieldPending
                0x300000f4        0x4 ./output/tasks.o
 .bss.xNumOfOverflows
                0x300000f8        0x4 ./output/tasks.o
 .bss.uxTaskNumber
                0x300000fc        0x4 ./output/tasks.o
 .bss.xNextTaskUnblockTime
                0x30000100        0x4 ./output/tasks.o
 .bss.xIdleTaskHandle
                0x30000104        0x4 ./output/tasks.o
 .bss.uxSchedulerSuspended
                0x30000108        0x4 ./output/tasks.o
 .bss.xQueueRegistry
                0x3000010c       0x40 ./output/queue.o
                0x3000010c                xQueueRegistry
 .bss.xActiveTimerList1
                0x3000014c       0x14 ./output/timers.o
 .bss.xActiveTimerList2
                0x30000160       0x14 ./output/timers.o
 .bss.pxCurrentTimerList
                0x30000174        0x4 ./output/timers.o
 .bss.pxOverflowTimerList
                0x30000178        0x4 ./output/timers.o
 .bss.xTimerQueue
                0x3000017c        0x4 ./output/timers.o
 .bss.xTimerTaskHandle
                0x30000180        0x4 ./output/timers.o
 .bss.xLastTime.2
                0x30000184        0x4 ./output/timers.o
 .bss.ucStaticTimerQueueStorage.1
                0x30000188       0x78 ./output/timers.o
 .bss.xStaticTimerQueue.0
                0x30000200       0x50 ./output/timers.o
 .bss.ucHeap    0x30000250     0xf000 ./output/heap_4.o
 .bss.xStart    0x3000f250        0x8 ./output/heap_4.o
 .bss.pxEnd     0x3000f258        0x4 ./output/heap_4.o
 .bss.xFreeBytesRemaining
                0x3000f25c        0x4 ./output/heap_4.o
 .bss.xMinimumEverFreeBytesRemaining
                0x3000f260        0x4 ./output/heap_4.o
 .bss.xNumberOfSuccessfulAllocations
                0x3000f264        0x4 ./output/heap_4.o
 .bss.xNumberOfSuccessfulFrees
                0x3000f268        0x4 ./output/heap_4.o
 .bss.xUARTSemaphore
                0x3000f26c        0x4 ./output/main.o
 .bss.xIdleTaskTCB.3
                0x3000f270       0x58 ./output/main.o
 .bss.uxIdleTaskStack.2
                0x3000f2c8      0x320 ./output/main.o
 .bss.xTimerTaskTCB.1
                0x3000f5e8       0x58 ./output/main.o
 .bss.uxTimerTaskStack.0
                0x3000f640      0x640 ./output/main.o
 *(COMMON)
                0x3000fc80                        . = ALIGN (0x4)
                0x3000fc80                        _ebss = .
                0x3000fc80                        __bss_end__ = _ebss

._user_heap_stack
                0x3000fc80      0x600 load address 0x100036fc
                0x3000fc80                        . = ALIGN (0x8)
                0x3000fc80                        PROVIDE (end = .)
                [!provide]                        PROVIDE (_end = .)
                0x3000fe80                        . = (. + _Min_Heap_Size)
 *fill*         0x3000fc80      0x200 
                0x30010280                        . = (. + _Min_Stack_Size)
 *fill*         0x3000fe80      0x400 
                0x30010280                        . = ALIGN (0x8)

/DISCARD/
 libc.a(*)
 libm.a(*)
 libgcc.a(*)

.ARM.attributes
                0x00000000       0x36
 *(.ARM.attributes)
 .ARM.attributes
                0x00000000       0x26 /usr/lib/gcc/arm-none-eabi/13.2.1/thumb/v8-m.main+fp/hard/crti.o
 .ARM.attributes
                0x00000026       0x3a ./output/system_CMSDK_CM33.o
 .ARM.attributes
                0x00000060       0x3a ./output/tasks.o
 .ARM.attributes
                0x0000009a       0x3a ./output/list.o
 .ARM.attributes
                0x000000d4       0x3a ./output/queue.o
 .ARM.attributes
                0x0000010e       0x3a ./output/timers.o
 .ARM.attributes
                0x00000148       0x3a ./output/heap_4.o
 .ARM.attributes
                0x00000182       0x3a ./output/port.o
 .ARM.attributes
                0x000001bc       0x3a ./output/portasm.o
 .ARM.attributes
                0x000001f6       0x3a ./output/main.o
 .ARM.attributes
                0x00000230       0x3a ./output/startup_gcc.o
 .ARM.attributes
                0x0000026a       0x3a ./output/printf-stdarg.o
 .ARM.attributes
                0x000002a4       0x38 /usr/lib/gcc/arm-none-eabi/13.2.1/../../../arm-none-eabi/lib/thumb/v8-m.main+fp/hard/libc_nano.a(libc_a-memset.o)
 .ARM.attributes
                0x000002dc       0x24 /usr/lib/gcc/arm-none-eabi/13.2.1/../../../arm-none-eabi/lib/thumb/v8-m.main+fp/hard/libc_nano.a(libc_a-memcpy.o)
 .ARM.attributes
                0x00000300       0x38 /usr/lib/gcc/arm-none-eabi/13.2.1/../../../arm-none-eabi/lib/thumb/v8-m.main+fp/hard/libc_nano.a(libc_a-strncmp.o)
 .ARM.attributes
                0x00000338       0x26 /usr/lib/gcc/arm-none-eabi/13.2.1/thumb/v8-m.main+fp/hard/crtn.o
OUTPUT(./output/RTOSDemo.out elf32-littlearm)
LOAD linker stubs
LOAD /usr/lib/gcc/arm-none-eabi/13.2.1/../../../arm-none-eabi/lib/thumb/v8-m.main+fp/hard/libc.a
LOAD /usr/lib/gcc/arm-none-eabi/13.2.1/../../../arm-none-eabi/lib/thumb/v8-m.main+fp/hard/libm.a
LOAD /usr/lib/gcc/arm-none-eabi/13.2.1/thumb/v8-m.main+fp/hard/libgcc.a

.debug_info     0x00000000     0x6b00
 .debug_info    0x00000000       0xaf ./output/system_CMSDK_CM33.o
 .debug_info    0x000000af     0x2017 ./output/tasks.o
 .debug_info    0x000020c6      0x2a3 ./output/list.o
 .debug_info    0x00002369     0x1557 ./output/queue.o
 .debug_info    0x000038c0     0x114d ./output/timers.o
 .debug_info    0x00004a0d      0x4af ./output/heap_4.o
 .debug_info    0x00004ebc      0x2fb ./output/port.o
 .debug_info    0x000051b7      0x142 ./output/portasm.o
 .debug_info    0x000052f9      0xf99 ./output/main.o
 .debug_info    0x00006292      0x15f ./output/startup_gcc.o
 .debug_info    0x000063f1      0x49f ./output/printf-stdarg.o
 .debug_info    0x00006890      0x135 /usr/lib/gcc/arm-none-eabi/13.2.1/../../../arm-none-eabi/lib/thumb/v8-m.main+fp/hard/libc_nano.a(libc_a-memset.o)
 .debug_info    0x000069c5       0x33 /usr/lib/gcc/arm-none-eabi/13.2.1/../../../arm-none-eabi/lib/thumb/v8-m.main+fp/hard/libc_nano.a(libc_a-memcpy.o)
 .debug_info    0x000069f8      0x108 /usr/lib/gcc/arm-none-eabi/13.2.1/../../../arm-none-eabi/lib/thumb/v8-m.main+fp/hard/libc_nano.a(libc_a-strncmp.o)

.debug_abbrev   0x00000000     0x16cc
 .debug_abbrev  0x00000000       0x69 ./output/system_CMSDK_CM33.o
 .debug_abbrev  0x00000069      0x33d ./output/tasks.o
 .debug_abbrev  0x000003a6       0xf5 ./output/list.o
 .debug_abbrev  0x0000049b      0x32d ./output/queue.o
 .debug_abbrev  0x000007c8      0x310 ./output/timers.o
 .debug_abbrev  0x00000ad8      0x206 ./output/heap_4.o
 .debug_abbrev  0x00000cde      0x1b0 ./output/port.o
 .debug_abbrev  0x00000e8e       0xb7 ./output/portasm.o
 .debug_abbrev  0x00000f45      0x379 ./output/main.o
 .debug_abbrev  0x000012be       0xf9 ./output/startup_gcc.o
 .debug_abbrev  0x000013b7      0x1a4 ./output/printf-stdarg.o
 .debug_abbrev  0x0000155b       0xb7 /usr/lib/gcc/arm-none-eabi/13.2.1/../../../arm-none-eabi/lib/thumb/v8-m.main+fp/hard/libc_nano.a(libc_a-memset.o)
 .debug_abbrev  0x00001612       0x28 /usr/lib/gcc/arm-none-eabi/13.2.1/../../../arm-none-eabi/lib/thumb/v8-m.main+fp/hard/libc_nano.a(libc_a-memcpy.o)
 .debug_abbrev  0x0000163a       0x92 /usr/lib/gcc/arm-none-eabi/13.2.1/../../../arm-none-eabi/lib/thumb/v8-m.main+fp/hard/libc_nano.a(libc_a-strncmp.o)

.debug_aranges  0x00000000      0x788
 .debug_aranges
                0x00000000       0x28 ./output/system_CMSDK_CM33.o
 .debug_aranges
                0x00000028      0x200 ./output/tasks.o
 .debug_aranges
                0x00000228       0x40 ./output/list.o
 .debug_aranges
                0x00000268      0x148 ./output/queue.o
 .debug_aranges
                0x000003b0       0xf0 ./output/timers.o
 .debug_aranges
                0x000004a0       0x60 ./output/heap_4.o
 .debug_aranges
                0x00000500       0x78 ./output/port.o
 .debug_aranges
                0x00000578       0x60 ./output/portasm.o
 .debug_aranges
                0x000005d8       0xc8 ./output/main.o
 .debug_aranges
                0x000006a0       0x30 ./output/startup_gcc.o
 .debug_aranges
                0x000006d0       0x58 ./output/printf-stdarg.o
 .debug_aranges
                0x00000728       0x20 /usr/lib/gcc/arm-none-eabi/13.2.1/../../../arm-none-eabi/lib/thumb/v8-m.main+fp/hard/libc_nano.a(libc_a-memset.o)
 .debug_aranges
                0x00000748       0x20 /usr/lib/gcc/arm-none-eabi/13.2.1/../../../arm-none-eabi/lib/thumb/v8-m.main+fp/hard/libc_nano.a(libc_a-memcpy.o)
 .debug_aranges
                0x00000768       0x20 /usr/lib/gcc/arm-none-eabi/13.2.1/../../../arm-none-eabi/lib/thumb/v8-m.main+fp/hard/libc_nano.a(libc_a-strncmp.o)

.debug_rnglists
                0x00000000      0x566
 .debug_rnglists
                0x00000000       0x19 ./output/system_CMSDK_CM33.o
 .debug_rnglists
                0x00000019      0x19c ./output/tasks.o
 .debug_rnglists
                0x000001b5       0x2b ./output/list.o
 .debug_rnglists
                0x000001e0       0xff ./output/queue.o
 .debug_rnglists
                0x000002df       0xb5 ./output/timers.o
 .debug_rnglists
                0x00000394       0x48 ./output/heap_4.o
 .debug_rnglists
                0x000003dc       0x56 ./output/port.o
 .debug_rnglists
                0x00000432       0x43 ./output/portasm.o
 .debug_rnglists
                0x00000475       0x92 ./output/main.o
 .debug_rnglists
                0x00000507       0x1f ./output/startup_gcc.o
 .debug_rnglists
                0x00000526       0x40 ./output/printf-stdarg.o

.debug_macro    0x00000000     0x5fb2
 .debug_macro   0x00000000       0x32 ./output/system_CMSDK_CM33.o
 .debug_macro   0x00000032      0xad8 ./output/system_CMSDK_CM33.o
 .debug_macro   0x00000b0a      0x34e ./output/system_CMSDK_CM33.o
 .debug_macro   0x00000e58      0x25d ./output/tasks.o
 .debug_macro   0x000010b5       0x2a ./output/tasks.o
 .debug_macro   0x000010df       0x22 ./output/tasks.o
 .debug_macro   0x00001101       0x60 ./output/tasks.o
 .debug_macro   0x00001161       0x94 ./output/tasks.o
 .debug_macro   0x000011f5       0x3c ./output/tasks.o
 .debug_macro   0x00001231       0x34 ./output/tasks.o
 .debug_macro   0x00001265       0x16 ./output/tasks.o
 .debug_macro   0x0000127b      0x11c ./output/tasks.o
 .debug_macro   0x00001397       0x9b ./output/tasks.o
 .debug_macro   0x00001432       0x57 ./output/tasks.o
 .debug_macro   0x00001489      0x370 ./output/tasks.o
 .debug_macro   0x000017f9       0x16 ./output/tasks.o
 .debug_macro   0x0000180f       0x4a ./output/tasks.o
 .debug_macro   0x00001859       0x34 ./output/tasks.o
 .debug_macro   0x0000188d       0x10 ./output/tasks.o
 .debug_macro   0x0000189d       0x52 ./output/tasks.o
 .debug_macro   0x000018ef      0x1de ./output/tasks.o
 .debug_macro   0x00001acd       0x16 ./output/tasks.o
 .debug_macro   0x00001ae3       0x29 ./output/tasks.o
 .debug_macro   0x00001b0c       0x16 ./output/tasks.o
 .debug_macro   0x00001b22       0x3c ./output/tasks.o
 .debug_macro   0x00001b5e      0x136 ./output/tasks.o
 .debug_macro   0x00001c94      0x15a ./output/tasks.o
 .debug_macro   0x00001dee      0x1a5 ./output/tasks.o
 .debug_macro   0x00001f93       0x1c ./output/tasks.o
 .debug_macro   0x00001faf       0x16 ./output/tasks.o
 .debug_macro   0x00001fc5       0x1f ./output/tasks.o
 .debug_macro   0x00001fe4       0x12 ./output/tasks.o
 .debug_macro   0x00001ff6      0x4f5 ./output/tasks.o
 .debug_macro   0x000024eb       0xc3 ./output/tasks.o
 .debug_macro   0x000025ae      0x120 ./output/tasks.o
 .debug_macro   0x000026ce       0x91 ./output/tasks.o
 .debug_macro   0x0000275f       0x16 ./output/tasks.o
 .debug_macro   0x00002775      0x176 ./output/list.o
 .debug_macro   0x000028eb      0x208 ./output/queue.o
 .debug_macro   0x00002af3       0x87 ./output/queue.o
 .debug_macro   0x00002b7a      0x1c5 ./output/timers.o
 .debug_macro   0x00002d3f       0x97 ./output/timers.o
 .debug_macro   0x00002dd6      0x1f2 ./output/heap_4.o
 .debug_macro   0x00002fc8      0x2c3 ./output/port.o
 .debug_macro   0x0000328b       0x9d ./output/portasm.o
 .debug_macro   0x00003328      0x25d ./output/main.o
 .debug_macro   0x00003585       0x16 ./output/main.o
 .debug_macro   0x0000359b       0x9e ./output/main.o
 .debug_macro   0x00003639      0x112 ./output/main.o
 .debug_macro   0x0000374b       0x10 ./output/main.o
 .debug_macro   0x0000375b       0x16 ./output/main.o
 .debug_macro   0x00003771       0x16 ./output/main.o
 .debug_macro   0x00003787      0x170 ./output/main.o
 .debug_macro   0x000038f7       0x93 ./output/main.o
 .debug_macro   0x0000398a       0x42 ./output/main.o
 .debug_macro   0x000039cc       0x1c ./output/main.o
 .debug_macro   0x000039e8       0x2a ./output/main.o
 .debug_macro   0x00003a12      0x107 ./output/main.o
 .debug_macro   0x00003b19     0x1685 ./output/main.o
 .debug_macro   0x0000519e      0x129 ./output/main.o
 .debug_macro   0x000052c7      0x3ae ./output/main.o
 .debug_macro   0x00005675       0x20 ./output/startup_gcc.o
 .debug_macro   0x00005695       0x91 ./output/printf-stdarg.o
 .debug_macro   0x00005726       0x58 ./output/printf-stdarg.o
 .debug_macro   0x0000577e       0x42 ./output/printf-stdarg.o
 .debug_macro   0x000057c0      0x7f2 ./output/printf-stdarg.o

.debug_line     0x00000000     0x50d4
 .debug_line    0x00000000       0xab ./output/system_CMSDK_CM33.o
 .debug_line    0x000000ab     0x16f4 ./output/tasks.o
 .debug_line    0x0000179f      0x39b ./output/list.o
 .debug_line    0x00001b3a     0x10d4 ./output/queue.o
 .debug_line    0x00002c0e      0x886 ./output/timers.o
 .debug_line    0x00003494      0x5e7 ./output/heap_4.o
 .debug_line    0x00003a7b      0x3c5 ./output/port.o
 .debug_line    0x00003e40      0x254 ./output/portasm.o
 .debug_line    0x00004094      0x67e ./output/main.o
 .debug_line    0x00004712       0xd1 ./output/startup_gcc.o
 .debug_line    0x000047e3      0x4a7 ./output/printf-stdarg.o
 .debug_line    0x00004c8a      0x1b6 /usr/lib/gcc/arm-none-eabi/13.2.1/../../../arm-none-eabi/lib/thumb/v8-m.main+fp/hard/libc_nano.a(libc_a-memset.o)
 .debug_line    0x00004e40       0xbd /usr/lib/gcc/arm-none-eabi/13.2.1/../../../arm-none-eabi/lib/thumb/v8-m.main+fp/hard/libc_nano.a(libc_a-memcpy.o)
 .debug_line    0x00004efd      0x1d7 /usr/lib/gcc/arm-none-eabi/13.2.1/../../../arm-none-eabi/lib/thumb/v8-m.main+fp/hard/libc_nano.a(libc_a-strncmp.o)

.debug_str      0x00000000    0x1f5b6
 .debug_str     0x00000000    0x1f5b6 ./output/system_CMSDK_CM33.o
                               0x3a42 (size before relaxing)
 .debug_str     0x0001f5b6     0xdfd3 ./output/tasks.o
 .debug_str     0x0001f5b6     0xacab ./output/list.o
 .debug_str     0x0001f5b6     0xd51c ./output/queue.o
 .debug_str     0x0001f5b6     0xd85c ./output/timers.o
 .debug_str     0x0001f5b6     0xc487 ./output/heap_4.o
 .debug_str     0x0001f5b6     0xa06f ./output/port.o
 .debug_str     0x0001f5b6     0x7373 ./output/portasm.o
 .debug_str     0x0001f5b6    0x18f56 ./output/main.o
 .debug_str     0x0001f5b6     0x3a26 ./output/startup_gcc.o
 .debug_str     0x0001f5b6    0x104c1 ./output/printf-stdarg.o
 .debug_str     0x0001f5b6      0x1b5 /usr/lib/gcc/arm-none-eabi/13.2.1/../../../arm-none-eabi/lib/thumb/v8-m.main+fp/hard/libc_nano.a(libc_a-memset.o)
 .debug_str     0x0001f5b6       0xb0 /usr/lib/gcc/arm-none-eabi/13.2.1/../../../arm-none-eabi/lib/thumb/v8-m.main+fp/hard/libc_nano.a(libc_a-memcpy.o)
 .debug_str     0x0001f5b6      0x1a3 /usr/lib/gcc/arm-none-eabi/13.2.1/../../../arm-none-eabi/lib/thumb/v8-m.main+fp/hard/libc_nano.a(libc_a-strncmp.o)

.comment        0x00000000       0x26
 .comment       0x00000000       0x26 ./output/system_CMSDK_CM33.o
                                 0x27 (size before relaxing)
 .comment       0x00000026       0x27 ./output/tasks.o
 .comment       0x00000026       0x27 ./output/list.o
 .comment       0x00000026       0x27 ./output/queue.o
 .comment       0x00000026       0x27 ./output/timers.o
 .comment       0x00000026       0x27 ./output/heap_4.o
 .comment       0x00000026       0x27 ./output/port.o
 .comment       0x00000026       0x27 ./output/portasm.o
 .comment       0x00000026       0x27 ./output/main.o
 .comment       0x00000026       0x27 ./output/startup_gcc.o
 .comment       0x00000026       0x27 ./output/printf-stdarg.o
 .comment       0x00000026       0x27 /usr/lib/gcc/arm-none-eabi/13.2.1/../../../arm-none-eabi/lib/thumb/v8-m.main+fp/hard/libc_nano.a(libc_a-memset.o)
 .comment       0x00000026       0x27 /usr/lib/gcc/arm-none-eabi/13.2.1/../../../arm-none-eabi/lib/thumb/v8-m.main+fp/hard/libc_nano.a(libc_a-strncmp.o)

.debug_frame    0x00000000     0x1c10
 .debug_frame   0x00000000       0x50 ./output/system_CMSDK_CM33.o
 .debug_frame   0x00000050      0x8b8 ./output/tasks.o
 .debug_frame   0x00000908       0xd8 ./output/list.o
 .debug_frame   0x000009e0      0x588 ./output/queue.o
 .debug_frame   0x00000f68      0x3dc ./output/timers.o
 .debug_frame   0x00001344      0x150 ./output/heap_4.o
 .debug_frame   0x00001494      0x19c ./output/port.o
 .debug_frame   0x00001630       0xa0 ./output/portasm.o
 .debug_frame   0x000016d0      0x2f8 ./output/main.o
 .debug_frame   0x000019c8       0x54 ./output/startup_gcc.o
 .debug_frame   0x00001a1c      0x190 ./output/printf-stdarg.o
 .debug_frame   0x00001bac       0x2c /usr/lib/gcc/arm-none-eabi/13.2.1/../../../arm-none-eabi/lib/thumb/v8-m.main+fp/hard/libc_nano.a(libc_a-memset.o)
 .debug_frame   0x00001bd8       0x38 /usr/lib/gcc/arm-none-eabi/13.2.1/../../../arm-none-eabi/lib/thumb/v8-m.main+fp/hard/libc_nano.a(libc_a-strncmp.o)

.debug_loclists
                0x00000000      0x2cd
 .debug_loclists
                0x00000000      0x1c2 /usr/lib/gcc/arm-none-eabi/13.2.1/../../../arm-none-eabi/lib/thumb/v8-m.main+fp/hard/libc_nano.a(libc_a-memset.o)
 .debug_loclists
                0x000001c2      0x10b /usr/lib/gcc/arm-none-eabi/13.2.1/../../../arm-none-eabi/lib/thumb/v8-m.main+fp/hard/libc_nano.a(libc_a-strncmp.o)

.debug_line_str
                0x00000000       0x9d
 .debug_line_str
                0x00000000       0x9d /usr/lib/gcc/arm-none-eabi/13.2.1/../../../arm-none-eabi/lib/thumb/v8-m.main+fp/hard/libc_nano.a(libc_a-memcpy.o)
